12:57:48 **** Incremental Build of configuration Debug for project 15_input_interrupt ****
make -j16 all 
arm-none-eabi-gcc "../Src/main.c" -mcpu=cortex-m4 -std=gnu11 -g3 -DDEBUG -DNUCLEO_F401RE -DSTM32 -DSTM32F401RETx -DSTM32F4 -DSTM32F401xE -c -I../Inc -I"C:/Users/marce/Desktop/Stm32F4_ws/chip_headers/CMSIS/Include" -I"C:/Users/marce/Desktop/Stm32F4_ws/chip_headers/CMSIS/Device/ST/STM32F4xx/Include" -O0 -ffunction-sections -fdata-sections -Wall -fstack-usage -MMD -MP -MF"Src/main.d" -MT"Src/main.o" --specs=nano.specs -mfpu=fpv4-sp-d16 -mfloat-abi=hard -mthumb -o "Src/main.o"
arm-none-eabi-gcc -o "15_input_interrupt.elf" @"objects.list"   -mcpu=cortex-m4 -T"C:\Users\marce\Desktop\Stm32F4_ws\15_input_interrupt\STM32F401RETX_FLASH.ld" --specs=nosys.specs -Wl,-Map="15_input_interrupt.map" -Wl,--gc-sections -static --specs=nano.specs -mfpu=fpv4-sp-d16 -mfloat-abi=hard -mthumb -Wl,--start-group -lc -lm -Wl,--end-group
Finished building target: 15_input_interrupt.elf
 
arm-none-eabi-objdump -h -S  15_input_interrupt.elf  > "15_input_interrupt.list"
arm-none-eabi-objcopy  -O binary  15_input_interrupt.elf  "15_input_interrupt.bin"
arm-none-eabi-size   15_input_interrupt.elf 
   text	   data	    bss	    dec	    hex	filename
   5752	    108	   1596	   7456	   1d20	15_input_interrupt.elf
Finished building: default.size.stdout
Finished building: 15_input_interrupt.list
 
 
Finished building: 15_input_interrupt.bin
 
12:57:53 **** Incremental Build of configuration Debug for project 15_input_interrupt ****
make -j16 all 
arm-none-eabi-size   15_input_interrupt.elf 
   text	   data	    bss	    dec	    hex	filename
   5752	    108	   1596	   7456	   1d20	15_input_interrupt.elf
Finished building: default.size.stdout
 
